# Environments for this scenario

## Phases A-E
environment: greenfield-water-mfg
profile: water

## Phase F (hybrid environment discovery)
environment: brownfield-wastewater
profile: wastewater
ports: 5062-5064

## Phase G (process view context)
environments: greenfield-water-mfg, brownfield-wastewater, pipeline-monitoring
requires: monitoring dashboard at http://localhost:8090/process
profiles: water, wastewater, pipeline
note: pipeline-monitoring profile adds ps-plc-01, ps-rtu-01, ps-rtu-02, ps-gw-01, ps-fc-01
